Processing specified file: PC_Budget_Monthly_Template.xlsx

